{
  "Simulation": "basic",
  "OutputDirectory": "/home/kurshakov/Code/xpic/tests/basic/output/basic_ex1/",
  "Geometry": {
    "x": 0.5,
    "y": 0.5,
    "z": 0.5,
    "t": 2.5,
    "dx": 0.05,
    "dy": 0.05,
    "dz": 0.05,
    "dt": 0.025,
    "diagnose_period": 1.25,
    "da_boundary_x": "DM_BOUNDARY_PERIODIC",
    "da_boundary_y": "DM_BOUNDARY_PERIODIC",
    "da_boundary_z": "DM_BOUNDARY_PERIODIC"
  },
  "Particles": [
    {
      "sort_name": "electrons",
      "Np": 100,
      "n": 1.0,
      "q": -1.0,
      "m": 1.0,
      "T": 0.1
    }
  ],
  "Presets": [
    {
      "command": "SetParticles",
      "particles": "electrons",
      "coordinate": {
        "name": "CoordinateInBox"
      },
      "momentum": {
        "name": "MaxwellianMomentum",
        "tov": true
      }
    }
  ],
  "Diagnostics": [
    {
      "diagnostic": "FieldView",
      "field": "E"
    },
    {
      "diagnostic": "FieldView",
      "field": "B"
    },
    {
      "diagnostic": "DistributionMoment",
      "particles": "electrons",
      "moment": "density"
    }
  ]
}