{
  "Simulation": "ecsimcorr",
  "OutputDirectory": "/home/kurshakov/Code/xpic/tests/ecsimcorr/output/ecsimcorr_ex1/",
  "Geometry": {
    "x": 5.0,
    "y": 5.0,
    "z": 5.0,
    "t": 150.0,
    "dx": 0.5,
    "dy": 0.5,
    "dz": 0.5,
    "dt": 1.5,
    "diagnose_period": 75.0,
    "da_boundary_x": "DM_BOUNDARY_PERIODIC",
    "da_boundary_y": "DM_BOUNDARY_PERIODIC",
    "da_boundary_z": "DM_BOUNDARY_PERIODIC"
  },
  "Particles": [
    {
      "sort_name": "electrons",
      "Np": 100,
      "n": 1.0,
      "q": -1.0,
      "m": 1.0,
      "T": 0.1
    }
  ],
  "Presets": [
    {
      "command": "SetParticles",
      "particles": "electrons",
      "coordinate": {
        "name": "CoordinateInBox"
      },
      "momentum": {
        "name": "MaxwellianMomentum",
        "tov": true
      }
    }
  ],
  "Diagnostics": [
    {
      "diagnostic": "FieldView",
      "field": "E"
    },
    {
      "diagnostic": "FieldView",
      "field": "B"
    },
    {
      "diagnostic": "DistributionMoment",
      "particles": "electrons",
      "moment": "density"
    }
  ]
}